MPLINK 5.09, LINKER
Linker Map File - Created Sun Aug 01 20:24:26 2021

                                 Section Info
                  Section       Type    Address   Location Size(Bytes)
                ---------  ---------  ---------  ---------  ---------
                   .org_0       code   0x000000    program   0x00003a
                   .cinit    romdata   0x00001d    program   0x000004



                              Program Memory Usage 
                               Start         End      
                           ---------   ---------      
                            0x000000    0x00001e      
            31 out of 8454 program addresses used, program memory utilization is 0%



                              Symbols - Sorted by Name
                     Name    Address   Location    Storage File                     
                ---------  ---------  ---------  --------- ---------                
                    LOOP1   0x00000e    program     static C:\Users\NC\MPLABXProjects\Brinking_led Asymb.X\brinking_Asymb.asm
                    LOOP2   0x000014    program     static C:\Users\NC\MPLABXProjects\Brinking_led Asymb.X\brinking_Asymb.asm
                    LOOP3   0x00001a    program     static C:\Users\NC\MPLABXProjects\Brinking_led Asymb.X\brinking_Asymb.asm
                    START   0x00000a    program     static C:\Users\NC\MPLABXProjects\Brinking_led Asymb.X\brinking_Asymb.asm



                              Symbols - Sorted by Address
                     Name    Address   Location    Storage File                     
                ---------  ---------  ---------  --------- ---------                
                    START   0x00000a    program     static C:\Users\NC\MPLABXProjects\Brinking_led Asymb.X\brinking_Asymb.asm
                    LOOP1   0x00000e    program     static C:\Users\NC\MPLABXProjects\Brinking_led Asymb.X\brinking_Asymb.asm
                    LOOP2   0x000014    program     static C:\Users\NC\MPLABXProjects\Brinking_led Asymb.X\brinking_Asymb.asm
                    LOOP3   0x00001a    program     static C:\Users\NC\MPLABXProjects\Brinking_led Asymb.X\brinking_Asymb.asm


